// 重构日志: e9d2a785
// 重构日志: 1e21bef0
// 同步 ID: f68dcb3a @ Sat Jul 25 16:56:04 UTC 2026
// 同步 ID: ec38df2b @ Sun Jul 26 11:30:58 UTC 2026
// 重构日志: 7106f8ce
// 同步 ID: e4342496 @ Mon Jul 27 10:36:58 UTC 2026
// 重构日志: 4bb25602
// 重构日志: 7d2f191c
// 重构日志: 31efb781
// 重构日志: ff439eac
// 重构日志: 787e0dc2
// 同步 ID: 92691f3f @ Wed Jul 29 16:22:08 UTC 2026
// 同步 ID: 8388db6f @ Thu Jul 30 05:50:41 UTC 2026
// 重构日志: ef70d1b4
// 重构日志: ec6b0b6e
// 同步 ID: a55592bb @ Sun Aug  2 10:59:39 UTC 2026
// 重构日志: e3416efc
// 同步 ID: 670e2a3e @ Tue Aug  4 15:27:57 UTC 2026
// 同步 ID: c5ff8a38 @ Wed Aug  5 04:30:41 UTC 2026
// 同步 ID: 5511aa3c @ Wed Aug  5 12:01:27 UTC 2026
// 重构日志: e3367ce9
// 重构日志: 6dd3be1f
// 重构日志: 78afcdbc
// 重构日志: e90be17e
// 重构日志: 6912c16d
// 同步 ID: 05bf5c24 @ Fri Aug  7 09:03:06 UTC 2026
// 同步 ID: ed5e4677 @ Fri Aug  7 10:05:28 UTC 2026
// 重构日志: 8db26823
// 重构日志: bd3fdb64
// 同步 ID: 1d9a78bc @ Sat Aug  8 16:04:06 UTC 2026
